23:20:17 **** Incremental Build of configuration Debug for project DAC ****
make -j12 all 
arm-none-eabi-gcc "../Core/Src/main.c" -mcpu=cortex-m7 -std=gnu11 -g3 -DDEBUG -DUSE_HAL_DRIVER -DSTM32F746xx -c -I../Core/Inc -I../Drivers/STM32F7xx_HAL_Driver/Inc -I../Drivers/STM32F7xx_HAL_Driver/Inc/Legacy -I../Drivers/CMSIS/Device/ST/STM32F7xx/Include -I../Drivers/CMSIS/Include -O0 -ffunction-sections -fdata-sections -Wall -fstack-usage -MMD -MP -MF"Core/Src/main.d" -MT"Core/Src/main.o" --specs=nano.specs -mfpu=fpv5-sp-d16 -mfloat-abi=hard -mthumb -o "Core/Src/main.o"
arm-none-eabi-gcc -o "DAC.elf" @"objects.list"   -mcpu=cortex-m7 -T"E:\Code\STM\DAC\STM32F746ZGTX_FLASH.ld" --specs=nosys.specs -Wl,-Map="DAC.map" -Wl,--gc-sections -static --specs=nano.specs -mfpu=fpv5-sp-d16 -mfloat-abi=hard -mthumb -Wl,--start-group -lc -lm -Wl,--end-group
Finished building target: DAC.elf
 
arm-none-eabi-size   DAC.elf 
arm-none-eabi-objdump -h -S  DAC.elf  > "DAC.list"
arm-none-eabi-objcopy  -O binary  DAC.elf  "DAC.bin"
   text	   data	    bss	    dec	    hex	filename
  25764	     20	   3324	  29108	   71b4	DAC.elf
Finished building: default.size.stdout
 
Finished building: DAC.bin
 
Finished building: DAC.list
 

23:20:18 Build Finished. 0 errors, 0 warnings. (took 967ms)

